I'm sorry, but errors were detected in your script. Please correct the
errors listed below, and try again.


File "game/options.rpy", line 19: expected '=' not found.
    default preferences.volumes["sound"] = 1.0
                               ^

File "game/options.rpy", line 20: expected '=' not found.
    default preferences.volumes["music"] = 1.0
                               ^

Ren'Py Version: Ren'Py 8.5.3.26051504
Tue Jun  9 16:22:59 2026
